../Core/Src/main.c:79:6:HAL_UARTEx_RxEventCallback	24	static
../Core/Src/main.c:132:5:main	8	static
../Core/Src/main.c:182:6:SystemClock_Config	88	static
../Core/Src/main.c:221:13:MX_I2C2_Init	8	static
../Core/Src/main.c:266:13:MX_USART1_UART_Init	8	static
../Core/Src/main.c:299:13:MX_USART3_UART_Init	8	static
../Core/Src/main.c:330:13:MX_DMA_Init	16	static
../Core/Src/main.c:351:13:MX_GPIO_Init	40	static
../Core/Src/main.c:389:6:HAL_TIM_PeriodElapsedCallback	16	static
../Core/Src/main.c:405:6:Error_Handler	4	static,ignoring_inline_asm
